[17-Sep-2024 16:40:12 UTC] Mise à jour de la variation ID: 21387 avec SKU: AR1589-03
[17-Sep-2024 16:40:12 UTC] Nouveau stock: 10762
[17-Sep-2024 16:40:12 UTC] Nouveau prix: 1,41
[17-Sep-2024 16:40:12 UTC] Mise à jour des images pour la variation ID: 21387
[17-Sep-2024 16:40:14 UTC] Mise à jour de la variation ID: 22271 avec SKU: AR1589-03
[17-Sep-2024 16:40:14 UTC] Nouveau stock: 10762
[17-Sep-2024 16:40:14 UTC] Nouveau prix: 1,41
[17-Sep-2024 16:40:14 UTC] Mise à jour des images pour la variation ID: 22271
[17-Sep-2024 16:40:15 UTC] Mise à jour de la variation ID: 23097 avec SKU: AR1589-03
[17-Sep-2024 16:40:15 UTC] Nouveau stock: 10762
[17-Sep-2024 16:40:15 UTC] Nouveau prix: 1,41
[17-Sep-2024 16:40:15 UTC] Mise à jour des images pour la variation ID: 23097
[17-Sep-2024 16:40:17 UTC] Mise à jour de la variation ID: 23590 avec SKU: AR1589-03
[17-Sep-2024 16:40:17 UTC] Nouveau stock: 10762
[17-Sep-2024 16:40:17 UTC] Nouveau prix: 1,41
[17-Sep-2024 16:40:17 UTC] Mise à jour des images pour la variation ID: 23590
[17-Sep-2024 16:40:18 UTC] Mise à jour de la variation ID: 24440 avec SKU: AR1589-03
[17-Sep-2024 16:40:18 UTC] Nouveau stock: 10762
[17-Sep-2024 16:40:18 UTC] Nouveau prix: 1,41
[17-Sep-2024 16:40:18 UTC] Mise à jour des images pour la variation ID: 24440
[17-Sep-2024 16:40:20 UTC] Mise à jour de la variation ID: 25364 avec SKU: AR1589-03
[17-Sep-2024 16:40:20 UTC] Nouveau stock: 10762
[17-Sep-2024 16:40:20 UTC] Nouveau prix: 1,41
[17-Sep-2024 16:40:20 UTC] Mise à jour des images pour la variation ID: 25364
[17-Sep-2024 16:40:21 UTC] Mise à jour de la variation ID: 27007 avec SKU: AR1589-03
[17-Sep-2024 16:40:21 UTC] Nouveau stock: 10762
[17-Sep-2024 16:40:21 UTC] Nouveau prix: 1,41
[17-Sep-2024 16:40:21 UTC] Mise à jour des images pour la variation ID: 27007
[17-Sep-2024 16:40:23 UTC] Mise à jour de la variation ID: 27506 avec SKU: AR1589-03
[17-Sep-2024 16:40:23 UTC] Nouveau stock: 10762
[17-Sep-2024 16:40:23 UTC] Nouveau prix: 1,41
[17-Sep-2024 16:40:23 UTC] Mise à jour des images pour la variation ID: 27506
[17-Sep-2024 16:40:24 UTC] Mise à jour de la variation ID: 28138 avec SKU: AR1589-03
[17-Sep-2024 16:40:24 UTC] Nouveau stock: 10762
[17-Sep-2024 16:40:24 UTC] Nouveau prix: 1,41
[17-Sep-2024 16:40:24 UTC] Mise à jour des images pour la variation ID: 28138
[17-Sep-2024 16:40:26 UTC] Couleur attribuée: Noir
[17-Sep-2024 16:40:26 UTC] Taille attribuée: 
[17-Sep-2024 16:40:26 UTC] Term color trouvé: oui
[17-Sep-2024 16:40:26 UTC] Term size trouvé: non
[17-Sep-2024 16:40:26 UTC] SKU: AR1804-03
[17-Sep-2024 16:40:26 UTC] Mise à jour de la variation ID: Array
(
    [0] => 1478
    [1] => 16470
    [2] => 17587
    [3] => 18652
    [4] => 19607
    [5] => 20433
    [6] => 21388
    [7] => 22272
    [8] => 23098
    [9] => 23591
    [10] => 24441
    [11] => 25365
    [12] => 27008
    [13] => 27507
    [14] => 28141
)

[17-Sep-2024 16:40:26 UTC] Mise à jour de la variation ID: 1478 avec SKU: AR1804-03
[17-Sep-2024 16:40:26 UTC] Nouveau stock: 31882
[17-Sep-2024 16:40:26 UTC] Nouveau prix: 1,20
[17-Sep-2024 16:40:26 UTC] Mise à jour des images pour la variation ID: 1478
[17-Sep-2024 16:40:28 UTC] Mise à jour de la variation ID: 16470 avec SKU: AR1804-03
[17-Sep-2024 16:40:28 UTC] Nouveau stock: 31882
[17-Sep-2024 16:40:28 UTC] Nouveau prix: 1,20
[17-Sep-2024 16:40:28 UTC] Mise à jour des images pour la variation ID: 16470
[17-Sep-2024 16:40:29 UTC] Mise à jour de la variation ID: 17587 avec SKU: AR1804-03
[17-Sep-2024 16:40:29 UTC] Nouveau stock: 31882
[17-Sep-2024 16:40:29 UTC] Nouveau prix: 1,20
[17-Sep-2024 16:40:29 UTC] Mise à jour des images pour la variation ID: 17587
[17-Sep-2024 16:40:30 UTC] Mise à jour de la variation ID: 18652 avec SKU: AR1804-03
[17-Sep-2024 16:40:30 UTC] Nouveau stock: 31882
[17-Sep-2024 16:40:30 UTC] Nouveau prix: 1,20
[17-Sep-2024 16:40:30 UTC] Mise à jour des images pour la variation ID: 18652
[17-Sep-2024 16:40:31 UTC] Mise à jour de la variation ID: 19607 avec SKU: AR1804-03
[17-Sep-2024 16:40:31 UTC] Nouveau stock: 31882
[17-Sep-2024 16:40:31 UTC] Nouveau prix: 1,20
[17-Sep-2024 16:40:31 UTC] Mise à jour des images pour la variation ID: 19607
[17-Sep-2024 16:40:32 UTC] Mise à jour de la variation ID: 20433 avec SKU: AR1804-03
[17-Sep-2024 16:40:32 UTC] Nouveau stock: 31882
[17-Sep-2024 16:40:32 UTC] Nouveau prix: 1,20
[17-Sep-2024 16:40:32 UTC] Mise à jour des images pour la variation ID: 20433
[17-Sep-2024 16:40:33 UTC] Mise à jour de la variation ID: 21388 avec SKU: AR1804-03
[17-Sep-2024 16:40:33 UTC] Nouveau stock: 31882
[17-Sep-2024 16:40:33 UTC] Nouveau prix: 1,20
[17-Sep-2024 16:40:33 UTC] Mise à jour des images pour la variation ID: 21388
[17-Sep-2024 16:40:34 UTC] Mise à jour de la variation ID: 22272 avec SKU: AR1804-03
[17-Sep-2024 16:40:34 UTC] Nouveau stock: 31882
[17-Sep-2024 16:40:34 UTC] Nouveau prix: 1,20
[17-Sep-2024 16:40:34 UTC] Mise à jour des images pour la variation ID: 22272
[17-Sep-2024 16:40:35 UTC] Mise à jour de la variation ID: 23098 avec SKU: AR1804-03
[17-Sep-2024 16:40:35 UTC] Nouveau stock: 31882
[17-Sep-2024 16:40:35 UTC] Nouveau prix: 1,20
[17-Sep-2024 16:40:35 UTC] Mise à jour des images pour la variation ID: 23098
[17-Sep-2024 16:40:36 UTC] Mise à jour de la variation ID: 23591 avec SKU: AR1804-03
[17-Sep-2024 16:40:36 UTC] Nouveau stock: 31882
[17-Sep-2024 16:40:36 UTC] Nouveau prix: 1,20
[17-Sep-2024 16:40:36 UTC] Mise à jour des images pour la variation ID: 23591
[17-Sep-2024 16:40:37 UTC] Mise à jour de la variation ID: 24441 avec SKU: AR1804-03
[17-Sep-2024 16:40:37 UTC] Nouveau stock: 31882
[17-Sep-2024 16:40:37 UTC] Nouveau prix: 1,20
[17-Sep-2024 16:40:37 UTC] Mise à jour des images pour la variation ID: 24441
[17-Sep-2024 16:40:38 UTC] Mise à jour de la variation ID: 25365 avec SKU: AR1804-03
[17-Sep-2024 16:40:38 UTC] Nouveau stock: 31882
[17-Sep-2024 16:40:38 UTC] Nouveau prix: 1,20
[17-Sep-2024 16:40:38 UTC] Mise à jour des images pour la variation ID: 25365
[17-Sep-2024 16:40:39 UTC] Mise à jour de la variation ID: 27008 avec SKU: AR1804-03
[17-Sep-2024 16:40:39 UTC] Nouveau stock: 31882
[17-Sep-2024 16:40:39 UTC] Nouveau prix: 1,20
[17-Sep-2024 16:40:39 UTC] Mise à jour des images pour la variation ID: 27008
[17-Sep-2024 16:40:40 UTC] Mise à jour de la variation ID: 27507 avec SKU: AR1804-03
[17-Sep-2024 16:40:40 UTC] Nouveau stock: 31882
[17-Sep-2024 16:40:40 UTC] Nouveau prix: 1,20
[17-Sep-2024 16:40:40 UTC] Mise à jour des images pour la variation ID: 27507
[17-Sep-2024 16:40:41 UTC] Mise à jour de la variation ID: 28141 avec SKU: AR1804-03
[17-Sep-2024 16:40:41 UTC] Nouveau stock: 31882
[17-Sep-2024 16:40:41 UTC] Nouveau prix: 1,20
[17-Sep-2024 16:40:41 UTC] Mise à jour des images pour la variation ID: 28141
[17-Sep-2024 16:40:42 UTC] Couleur attribuée: Bleu
[17-Sep-2024 16:40:42 UTC] Taille attribuée: 
[17-Sep-2024 16:40:42 UTC] Term color trouvé: oui
[17-Sep-2024 16:40:42 UTC] Term size trouvé: non
[17-Sep-2024 16:40:42 UTC] SKU: AR1804-04
[17-Sep-2024 16:40:42 UTC] Mise à jour de la variation ID: Array
(
    [0] => 1484
    [1] => 16471
    [2] => 17588
    [3] => 18653
    [4] => 19608
    [5] => 20434
    [6] => 21389
    [7] => 22273
    [8] => 23099
    [9] => 23592
    [10] => 24442
    [11] => 25366
    [12] => 27009
    [13] => 27508
    [14] => 28143
)

[17-Sep-2024 16:40:42 UTC] Mise à jour de la variation ID: 1484 avec SKU: AR1804-04
[17-Sep-2024 16:40:42 UTC] Nouveau stock: 25285
[17-Sep-2024 16:40:42 UTC] Nouveau prix: 1,20
[17-Sep-2024 16:40:42 UTC] Mise à jour des images pour la variation ID: 1484
[17-Sep-2024 16:40:43 UTC] Mise à jour de la variation ID: 16471 avec SKU: AR1804-04
[17-Sep-2024 16:40:43 UTC] Nouveau stock: 25285
[17-Sep-2024 16:40:43 UTC] Nouveau prix: 1,20
[17-Sep-2024 16:40:43 UTC] Mise à jour des images pour la variation ID: 16471
[17-Sep-2024 16:40:43 UTC] Mise à jour de la variation ID: 17588 avec SKU: AR1804-04
[17-Sep-2024 16:40:43 UTC] Nouveau stock: 25285
[17-Sep-2024 16:40:43 UTC] Nouveau prix: 1,20
[17-Sep-2024 16:40:43 UTC] Mise à jour des images pour la variation ID: 17588
[17-Sep-2024 16:40:44 UTC] Mise à jour de la variation ID: 18653 avec SKU: AR1804-04
[17-Sep-2024 16:40:44 UTC] Nouveau stock: 25285
[17-Sep-2024 16:40:44 UTC] Nouveau prix: 1,20
[17-Sep-2024 16:40:44 UTC] Mise à jour des images pour la variation ID: 18653
[17-Sep-2024 16:40:45 UTC] Mise à jour de la variation ID: 19608 avec SKU: AR1804-04
[17-Sep-2024 16:40:45 UTC] Nouveau stock: 25285
[17-Sep-2024 16:40:45 UTC] Nouveau prix: 1,20
[17-Sep-2024 16:40:45 UTC] Mise à jour des images pour la variation ID: 19608
[17-Sep-2024 16:40:45 UTC] Mise à jour de la variation ID: 20434 avec SKU: AR1804-04
[17-Sep-2024 16:40:45 UTC] Nouveau stock: 25285
[17-Sep-2024 16:40:45 UTC] Nouveau prix: 1,20
[17-Sep-2024 16:40:45 UTC] Mise à jour des images pour la variation ID: 20434
[17-Sep-2024 16:40:46 UTC] Mise à jour de la variation ID: 21389 avec SKU: AR1804-04
[17-Sep-2024 16:40:46 UTC] Nouveau stock: 25285
[17-Sep-2024 16:40:46 UTC] Nouveau prix: 1,20
[17-Sep-2024 16:40:46 UTC] Mise à jour des images pour la variation ID: 21389
[17-Sep-2024 16:40:47 UTC] Mise à jour de la variation ID: 22273 avec SKU: AR1804-04
[17-Sep-2024 16:40:47 UTC] Nouveau stock: 25285
[17-Sep-2024 16:40:47 UTC] Nouveau prix: 1,20
[17-Sep-2024 16:40:47 UTC] Mise à jour des images pour la variation ID: 22273
[17-Sep-2024 16:40:48 UTC] Mise à jour de la variation ID: 23099 avec SKU: AR1804-04
[17-Sep-2024 16:40:48 UTC] Nouveau stock: 25285
[17-Sep-2024 16:40:48 UTC] Nouveau prix: 1,20
[17-Sep-2024 16:40:48 UTC] Mise à jour des images pour la variation ID: 23099
[17-Sep-2024 16:40:49 UTC] Mise à jour de la variation ID: 23592 avec SKU: AR1804-04
[17-Sep-2024 16:40:49 UTC] Nouveau stock: 25285
[17-Sep-2024 16:40:49 UTC] Nouveau prix: 1,20
[17-Sep-2024 16:40:49 UTC] Mise à jour des images pour la variation ID: 23592
[17-Sep-2024 16:40:49 UTC] Mise à jour de la variation ID: 24442 avec SKU: AR1804-04
[17-Sep-2024 16:40:49 UTC] Nouveau stock: 25285
[17-Sep-2024 16:40:49 UTC] Nouveau prix: 1,20
[17-Sep-2024 16:40:49 UTC] Mise à jour des images pour la variation ID: 24442
[17-Sep-2024 16:40:50 UTC] Mise à jour de la variation ID: 25366 avec SKU: AR1804-04
[17-Sep-2024 16:40:50 UTC] Nouveau stock: 25285
[17-Sep-2024 16:40:50 UTC] Nouveau prix: 1,20
[17-Sep-2024 16:40:50 UTC] Mise à jour des images pour la variation ID: 25366
[17-Sep-2024 16:40:51 UTC] Mise à jour de la variation ID: 27009 avec SKU: AR1804-04
[17-Sep-2024 16:40:51 UTC] Nouveau stock: 25285
[17-Sep-2024 16:40:51 UTC] Nouveau prix: 1,20
[17-Sep-2024 16:40:51 UTC] Mise à jour des images pour la variation ID: 27009
[17-Sep-2024 16:40:52 UTC] Mise à jour de la variation ID: 27508 avec SKU: AR1804-04
[17-Sep-2024 16:40:52 UTC] Nouveau stock: 25285
[17-Sep-2024 16:40:52 UTC] Nouveau prix: 1,20
[17-Sep-2024 16:40:52 UTC] Mise à jour des images pour la variation ID: 27508
[17-Sep-2024 16:40:53 UTC] Mise à jour de la variation ID: 28143 avec SKU: AR1804-04
[17-Sep-2024 16:40:53 UTC] Nouveau stock: 25285
[17-Sep-2024 16:40:53 UTC] Nouveau prix: 1,20
[17-Sep-2024 16:40:53 UTC] Mise à jour des images pour la variation ID: 28143
[17-Sep-2024 16:40:53 UTC] Couleur attribuée: Rouge
[17-Sep-2024 16:40:53 UTC] Taille attribuée: 
[17-Sep-2024 16:40:53 UTC] Term color trouvé: oui
[17-Sep-2024 16:40:53 UTC] Term size trouvé: non
[17-Sep-2024 16:40:53 UTC] SKU: AR1804-05
[17-Sep-2024 16:40:53 UTC] Mise à jour de la variation ID: Array
(
    [0] => 1489
    [1] => 16472
    [2] => 17589
    [3] => 18654
    [4] => 19609
    [5] => 20435
    [6] => 21390
    [7] => 22274
    [8] => 23100
    [9] => 23593
    [10] => 24443
    [11] => 25367
    [12] => 27010
    [13] => 27509
    [14] => 28145
)

[17-Sep-2024 16:40:53 UTC] Mise à jour de la variation ID: 1489 avec SKU: AR1804-05
[17-Sep-2024 16:40:53 UTC] Nouveau stock: 8391
[17-Sep-2024 16:40:53 UTC] Nouveau prix: 1,20
[17-Sep-2024 16:40:53 UTC] Mise à jour des images pour la variation ID: 1489
[17-Sep-2024 16:40:54 UTC] Mise à jour de la variation ID: 16472 avec SKU: AR1804-05
[17-Sep-2024 16:40:54 UTC] Nouveau stock: 8391
[17-Sep-2024 16:40:54 UTC] Nouveau prix: 1,20
[17-Sep-2024 16:40:54 UTC] Mise à jour des images pour la variation ID: 16472
[17-Sep-2024 16:40:55 UTC] Mise à jour de la variation ID: 17589 avec SKU: AR1804-05
[17-Sep-2024 16:40:55 UTC] Nouveau stock: 8391
[17-Sep-2024 16:40:55 UTC] Nouveau prix: 1,20
[17-Sep-2024 16:40:55 UTC] Mise à jour des images pour la variation ID: 17589
[17-Sep-2024 16:40:56 UTC] Mise à jour de la variation ID: 18654 avec SKU: AR1804-05
[17-Sep-2024 16:40:56 UTC] Nouveau stock: 8391
[17-Sep-2024 16:40:56 UTC] Nouveau prix: 1,20
[17-Sep-2024 16:40:56 UTC] Mise à jour des images pour la variation ID: 18654
[17-Sep-2024 16:40:56 UTC] Mise à jour de la variation ID: 19609 avec SKU: AR1804-05
[17-Sep-2024 16:40:56 UTC] Nouveau stock: 8391
[17-Sep-2024 16:40:56 UTC] Nouveau prix: 1,20
[17-Sep-2024 16:40:57 UTC] Mise à jour des images pour la variation ID: 19609
[17-Sep-2024 16:40:57 UTC] Mise à jour de la variation ID: 20435 avec SKU: AR1804-05
[17-Sep-2024 16:40:57 UTC] Nouveau stock: 8391
[17-Sep-2024 16:40:57 UTC] Nouveau prix: 1,20
[17-Sep-2024 16:40:57 UTC] Mise à jour des images pour la variation ID: 20435
[17-Sep-2024 16:40:58 UTC] Mise à jour de la variation ID: 21390 avec SKU: AR1804-05
[17-Sep-2024 16:40:58 UTC] Nouveau stock: 8391
[17-Sep-2024 16:40:58 UTC] Nouveau prix: 1,20
[17-Sep-2024 16:40:58 UTC] Mise à jour des images pour la variation ID: 21390
[17-Sep-2024 16:40:59 UTC] Mise à jour de la variation ID: 22274 avec SKU: AR1804-05
[17-Sep-2024 16:40:59 UTC] Nouveau stock: 8391
[17-Sep-2024 16:40:59 UTC] Nouveau prix: 1,20
[17-Sep-2024 16:40:59 UTC] Mise à jour des images pour la variation ID: 22274
[17-Sep-2024 16:41:00 UTC] Mise à jour de la variation ID: 23100 avec SKU: AR1804-05
[17-Sep-2024 16:41:00 UTC] Nouveau stock: 8391
[17-Sep-2024 16:41:00 UTC] Nouveau prix: 1,20
[17-Sep-2024 16:41:00 UTC] Mise à jour des images pour la variation ID: 23100
[17-Sep-2024 16:41:00 UTC] Mise à jour de la variation ID: 23593 avec SKU: AR1804-05
[17-Sep-2024 16:41:00 UTC] Nouveau stock: 8391
[17-Sep-2024 16:41:00 UTC] Nouveau prix: 1,20
[17-Sep-2024 16:41:00 UTC] Mise à jour des images pour la variation ID: 23593
[17-Sep-2024 16:41:01 UTC] Mise à jour de la variation ID: 24443 avec SKU: AR1804-05
[17-Sep-2024 16:41:01 UTC] Nouveau stock: 8391
[17-Sep-2024 16:41:01 UTC] Nouveau prix: 1,20
[17-Sep-2024 16:41:01 UTC] Mise à jour des images pour la variation ID: 24443
[17-Sep-2024 16:41:02 UTC] Mise à jour de la variation ID: 25367 avec SKU: AR1804-05
[17-Sep-2024 16:41:02 UTC] Nouveau stock: 8391
[17-Sep-2024 16:41:02 UTC] Nouveau prix: 1,20
[17-Sep-2024 16:41:02 UTC] Mise à jour des images pour la variation ID: 25367
[17-Sep-2024 16:41:03 UTC] Mise à jour de la variation ID: 27010 avec SKU: AR1804-05
[17-Sep-2024 16:41:03 UTC] Nouveau stock: 8391
[17-Sep-2024 16:41:03 UTC] Nouveau prix: 1,20
[17-Sep-2024 16:41:03 UTC] Mise à jour des images pour la variation ID: 27010
[17-Sep-2024 16:41:04 UTC] Mise à jour de la variation ID: 27509 avec SKU: AR1804-05
[17-Sep-2024 16:41:04 UTC] Nouveau stock: 8391
[17-Sep-2024 16:41:04 UTC] Nouveau prix: 1,20
[17-Sep-2024 16:41:04 UTC] Mise à jour des images pour la variation ID: 27509
[17-Sep-2024 16:41:04 UTC] Mise à jour de la variation ID: 28145 avec SKU: AR1804-05
[17-Sep-2024 16:41:04 UTC] Nouveau stock: 8391
[17-Sep-2024 16:41:04 UTC] Nouveau prix: 1,20
[17-Sep-2024 16:41:04 UTC] Mise à jour des images pour la variation ID: 28145
[17-Sep-2024 16:41:05 UTC] Couleur attribuée: Orange
[17-Sep-2024 16:41:05 UTC] Taille attribuée: 
[17-Sep-2024 16:41:05 UTC] Term color trouvé: oui
[17-Sep-2024 16:41:05 UTC] Term size trouvé: non
[17-Sep-2024 16:41:05 UTC] SKU: AR1804-10
[17-Sep-2024 16:41:05 UTC] Mise à jour de la variation ID: Array
(
    [0] => 1494
    [1] => 16473
    [2] => 17590
    [3] => 18655
    [4] => 19610
    [5] => 20436
    [6] => 21391
    [7] => 22275
    [8] => 23101
    [9] => 23594
    [10] => 24444
    [11] => 25368
    [12] => 27011
    [13] => 27510
    [14] => 28150
)

[17-Sep-2024 16:41:05 UTC] Mise à jour de la variation ID: 1494 avec SKU: AR1804-10
[17-Sep-2024 16:41:05 UTC] Nouveau stock: 9126
[17-Sep-2024 16:41:05 UTC] Nouveau prix: 1,20
[17-Sep-2024 16:41:05 UTC] Mise à jour des images pour la variation ID: 1494
[17-Sep-2024 16:41:06 UTC] Mise à jour de la variation ID: 16473 avec SKU: AR1804-10
[17-Sep-2024 16:41:06 UTC] Nouveau stock: 9126
[17-Sep-2024 16:41:06 UTC] Nouveau prix: 1,20
[17-Sep-2024 16:41:06 UTC] Mise à jour des images pour la variation ID: 16473
[17-Sep-2024 16:41:06 UTC] Mise à jour de la variation ID: 17590 avec SKU: AR1804-10
[17-Sep-2024 16:41:06 UTC] Nouveau stock: 9126
[17-Sep-2024 16:41:06 UTC] Nouveau prix: 1,20
[17-Sep-2024 16:41:06 UTC] Mise à jour des images pour la variation ID: 17590
[17-Sep-2024 16:41:07 UTC] Mise à jour de la variation ID: 18655 avec SKU: AR1804-10
[17-Sep-2024 16:41:07 UTC] Nouveau stock: 9126
[17-Sep-2024 16:41:07 UTC] Nouveau prix: 1,20
[17-Sep-2024 16:41:07 UTC] Mise à jour des images pour la variation ID: 18655
[17-Sep-2024 16:41:07 UTC] Mise à jour de la variation ID: 19610 avec SKU: AR1804-10
[17-Sep-2024 16:41:07 UTC] Nouveau stock: 9126
[17-Sep-2024 16:41:07 UTC] Nouveau prix: 1,20
[17-Sep-2024 16:41:07 UTC] Mise à jour des images pour la variation ID: 19610
[17-Sep-2024 16:41:07 UTC] Mise à jour de la variation ID: 20436 avec SKU: AR1804-10
[17-Sep-2024 16:41:07 UTC] Nouveau stock: 9126
[17-Sep-2024 16:41:07 UTC] Nouveau prix: 1,20
[17-Sep-2024 16:41:07 UTC] Mise à jour des images pour la variation ID: 20436
[17-Sep-2024 16:41:08 UTC] Mise à jour de la variation ID: 21391 avec SKU: AR1804-10
[17-Sep-2024 16:41:08 UTC] Nouveau stock: 9126
[17-Sep-2024 16:41:08 UTC] Nouveau prix: 1,20
[17-Sep-2024 16:41:08 UTC] Mise à jour des images pour la variation ID: 21391
[17-Sep-2024 16:41:08 UTC] Mise à jour de la variation ID: 22275 avec SKU: AR1804-10
[17-Sep-2024 16:41:08 UTC] Nouveau stock: 9126
[17-Sep-2024 16:41:08 UTC] Nouveau prix: 1,20
[17-Sep-2024 16:41:08 UTC] Mise à jour des images pour la variation ID: 22275
[17-Sep-2024 16:41:08 UTC] Mise à jour de la variation ID: 23101 avec SKU: AR1804-10
[17-Sep-2024 16:41:08 UTC] Nouveau stock: 9126
[17-Sep-2024 16:41:08 UTC] Nouveau prix: 1,20
[17-Sep-2024 16:41:08 UTC] Mise à jour des images pour la variation ID: 23101
[17-Sep-2024 16:41:09 UTC] Mise à jour de la variation ID: 23594 avec SKU: AR1804-10
[17-Sep-2024 16:41:09 UTC] Nouveau stock: 9126
[17-Sep-2024 16:41:09 UTC] Nouveau prix: 1,20
[17-Sep-2024 16:41:09 UTC] Mise à jour des images pour la variation ID: 23594
[17-Sep-2024 16:41:09 UTC] Mise à jour de la variation ID: 24444 avec SKU: AR1804-10
[17-Sep-2024 16:41:09 UTC] Nouveau stock: 9126
[17-Sep-2024 16:41:09 UTC] Nouveau prix: 1,20
[17-Sep-2024 16:41:09 UTC] Mise à jour des images pour la variation ID: 24444
[17-Sep-2024 16:41:10 UTC] Mise à jour de la variation ID: 25368 avec SKU: AR1804-10
[17-Sep-2024 16:41:10 UTC] Nouveau stock: 9126
[17-Sep-2024 16:41:10 UTC] Nouveau prix: 1,20
[17-Sep-2024 16:41:10 UTC] Mise à jour des images pour la variation ID: 25368
[17-Sep-2024 16:41:10 UTC] Mise à jour de la variation ID: 27011 avec SKU: AR1804-10
[17-Sep-2024 16:41:11 UTC] Nouveau stock: 9126
[17-Sep-2024 16:41:11 UTC] Nouveau prix: 1,20
[17-Sep-2024 16:41:11 UTC] Mise à jour des images pour la variation ID: 27011
[17-Sep-2024 16:41:11 UTC] Mise à jour de la variation ID: 27510 avec SKU: AR1804-10
[17-Sep-2024 16:41:11 UTC] Nouveau stock: 9126
[17-Sep-2024 16:41:11 UTC] Nouveau prix: 1,20
[17-Sep-2024 16:41:11 UTC] Mise à jour des images pour la variation ID: 27510
[17-Sep-2024 16:41:12 UTC] Mise à jour de la variation ID: 28150 avec SKU: AR1804-10
[17-Sep-2024 16:41:12 UTC] Nouveau stock: 9126
[17-Sep-2024 16:41:12 UTC] Nouveau prix: 1,20
[17-Sep-2024 16:41:12 UTC] Mise à jour des images pour la variation ID: 28150
[17-Sep-2024 16:41:12 UTC] Couleur attribuée: Lime
[17-Sep-2024 16:41:12 UTC] Taille attribuée: 
[17-Sep-2024 16:41:12 UTC] Term color trouvé: oui
[17-Sep-2024 16:41:12 UTC] Term size trouvé: non
[17-Sep-2024 16:41:12 UTC] SKU: AR1804-48
[17-Sep-2024 16:41:12 UTC] Mise à jour de la variation ID: Array
(
    [0] => 1499
    [1] => 16474
    [2] => 17591
    [3] => 18656
    [4] => 19611
    [5] => 20437
    [6] => 21392
    [7] => 22276
    [8] => 23102
    [9] => 23595
    [10] => 24445
    [11] => 25369
    [12] => 27012
    [13] => 27511
    [14] => 28152
)

[17-Sep-2024 16:41:12 UTC] Mise à jour de la variation ID: 1499 avec SKU: AR1804-48
[17-Sep-2024 16:41:12 UTC] Nouveau stock: 7292
[17-Sep-2024 16:41:12 UTC] Nouveau prix: 1,20
[17-Sep-2024 16:41:12 UTC] Mise à jour des images pour la variation ID: 1499
[17-Sep-2024 16:41:13 UTC] Mise à jour de la variation ID: 16474 avec SKU: AR1804-48
[17-Sep-2024 16:41:13 UTC] Nouveau stock: 7292
[17-Sep-2024 16:41:13 UTC] Nouveau prix: 1,20
[17-Sep-2024 16:41:13 UTC] Mise à jour des images pour la variation ID: 16474
[17-Sep-2024 16:41:14 UTC] Mise à jour de la variation ID: 17591 avec SKU: AR1804-48
[17-Sep-2024 16:41:14 UTC] Nouveau stock: 7292
[17-Sep-2024 16:41:14 UTC] Nouveau prix: 1,20
[17-Sep-2024 16:41:14 UTC] Mise à jour des images pour la variation ID: 17591
[17-Sep-2024 16:41:14 UTC] Mise à jour de la variation ID: 18656 avec SKU: AR1804-48
[17-Sep-2024 16:41:14 UTC] Nouveau stock: 7292
[17-Sep-2024 16:41:14 UTC] Nouveau prix: 1,20
[17-Sep-2024 16:41:14 UTC] Mise à jour des images pour la variation ID: 18656
[17-Sep-2024 16:41:15 UTC] Mise à jour de la variation ID: 19611 avec SKU: AR1804-48
[17-Sep-2024 16:41:15 UTC] Nouveau stock: 7292
[17-Sep-2024 16:41:15 UTC] Nouveau prix: 1,20
[17-Sep-2024 16:41:15 UTC] Mise à jour des images pour la variation ID: 19611
[17-Sep-2024 16:41:16 UTC] Mise à jour de la variation ID: 20437 avec SKU: AR1804-48
[17-Sep-2024 16:41:16 UTC] Nouveau stock: 7292
[17-Sep-2024 16:41:16 UTC] Nouveau prix: 1,20
[17-Sep-2024 16:41:16 UTC] Mise à jour des images pour la variation ID: 20437
[17-Sep-2024 16:41:17 UTC] Mise à jour de la variation ID: 21392 avec SKU: AR1804-48
[17-Sep-2024 16:41:17 UTC] Nouveau stock: 7292
[17-Sep-2024 16:41:17 UTC] Nouveau prix: 1,20
[17-Sep-2024 16:41:17 UTC] Mise à jour des images pour la variation ID: 21392
[17-Sep-2024 16:41:18 UTC] Mise à jour de la variation ID: 22276 avec SKU: AR1804-48
[17-Sep-2024 16:41:18 UTC] Nouveau stock: 7292
[17-Sep-2024 16:41:18 UTC] Nouveau prix: 1,20
[17-Sep-2024 16:41:18 UTC] Mise à jour des images pour la variation ID: 22276
[17-Sep-2024 16:41:19 UTC] Mise à jour de la variation ID: 23102 avec SKU: AR1804-48
[17-Sep-2024 16:41:19 UTC] Nouveau stock: 7292
[17-Sep-2024 16:41:19 UTC] Nouveau prix: 1,20
[17-Sep-2024 16:41:19 UTC] Mise à jour des images pour la variation ID: 23102
[17-Sep-2024 16:41:19 UTC] Mise à jour de la variation ID: 23595 avec SKU: AR1804-48
[17-Sep-2024 16:41:19 UTC] Nouveau stock: 7292
[17-Sep-2024 16:41:19 UTC] Nouveau prix: 1,20
[17-Sep-2024 16:41:19 UTC] Mise à jour des images pour la variation ID: 23595
[17-Sep-2024 16:41:20 UTC] Mise à jour de la variation ID: 24445 avec SKU: AR1804-48
[17-Sep-2024 16:41:20 UTC] Nouveau stock: 7292
[17-Sep-2024 16:41:20 UTC] Nouveau prix: 1,20
[17-Sep-2024 16:41:20 UTC] Mise à jour des images pour la variation ID: 24445
[17-Sep-2024 16:41:21 UTC] Mise à jour de la variation ID: 25369 avec SKU: AR1804-48
[17-Sep-2024 16:41:21 UTC] Nouveau stock: 7292
[17-Sep-2024 16:41:21 UTC] Nouveau prix: 1,20
[17-Sep-2024 16:41:21 UTC] Mise à jour des images pour la variation ID: 25369
[17-Sep-2024 16:41:22 UTC] Mise à jour de la variation ID: 27012 avec SKU: AR1804-48
[17-Sep-2024 16:41:22 UTC] Nouveau stock: 7292
[17-Sep-2024 16:41:22 UTC] Nouveau prix: 1,20
[17-Sep-2024 16:41:22 UTC] Mise à jour des images pour la variation ID: 27012
[17-Sep-2024 16:41:23 UTC] Mise à jour de la variation ID: 27511 avec SKU: AR1804-48
[17-Sep-2024 16:41:23 UTC] Nouveau stock: 7292
[17-Sep-2024 16:41:23 UTC] Nouveau prix: 1,20
[17-Sep-2024 16:41:23 UTC] Mise à jour des images pour la variation ID: 27511
[17-Sep-2024 16:41:23 UTC] Mise à jour de la variation ID: 28152 avec SKU: AR1804-48
[17-Sep-2024 16:41:23 UTC] Nouveau stock: 7292
[17-Sep-2024 16:41:23 UTC] Nouveau prix: 1,20
[17-Sep-2024 16:41:23 UTC] Mise à jour des images pour la variation ID: 28152
[17-Sep-2024 16:41:24 UTC] Couleur attribuée: Blanc
[17-Sep-2024 16:41:24 UTC] Taille attribuée: 
[17-Sep-2024 16:41:24 UTC] Term color trouvé: oui
[17-Sep-2024 16:41:24 UTC] Term size trouvé: non
[17-Sep-2024 16:41:24 UTC] SKU: AR1804-06
[17-Sep-2024 16:41:24 UTC] Mise à jour de la variation ID: Array
(
    [0] => 1504
    [1] => 16475
    [2] => 17592
    [3] => 18657
    [4] => 19612
    [5] => 20438
    [6] => 21393
    [7] => 22277
    [8] => 23103
    [9] => 23596
    [10] => 24446
    [11] => 25370
    [12] => 27013
    [13] => 27512
    [14] => 28155
)

[17-Sep-2024 16:41:24 UTC] Mise à jour de la variation ID: 1504 avec SKU: AR1804-06
[17-Sep-2024 16:41:24 UTC] Nouveau stock: 25
[17-Sep-2024 16:41:24 UTC] Nouveau prix: 1,20
[17-Sep-2024 16:41:24 UTC] Mise à jour des images pour la variation ID: 1504
[17-Sep-2024 16:41:25 UTC] Mise à jour de la variation ID: 16475 avec SKU: AR1804-06
[17-Sep-2024 16:41:25 UTC] Nouveau stock: 25
[17-Sep-2024 16:41:25 UTC] Nouveau prix: 1,20
[17-Sep-2024 16:41:25 UTC] Mise à jour des images pour la variation ID: 16475
[17-Sep-2024 16:41:25 UTC] Mise à jour de la variation ID: 17592 avec SKU: AR1804-06
[17-Sep-2024 16:41:25 UTC] Nouveau stock: 25
[17-Sep-2024 16:41:25 UTC] Nouveau prix: 1,20
[17-Sep-2024 16:41:25 UTC] Mise à jour des images pour la variation ID: 17592
[17-Sep-2024 16:41:25 UTC] Mise à jour de la variation ID: 18657 avec SKU: AR1804-06
[17-Sep-2024 16:41:25 UTC] Nouveau stock: 25
[17-Sep-2024 16:41:25 UTC] Nouveau prix: 1,20
[17-Sep-2024 16:41:25 UTC] Mise à jour des images pour la variation ID: 18657
[17-Sep-2024 16:41:26 UTC] Mise à jour de la variation ID: 19612 avec SKU: AR1804-06
[17-Sep-2024 16:41:26 UTC] Nouveau stock: 25
[17-Sep-2024 16:41:26 UTC] Nouveau prix: 1,20
[17-Sep-2024 16:41:26 UTC] Mise à jour des images pour la variation ID: 19612
[17-Sep-2024 16:41:26 UTC] Mise à jour de la variation ID: 20438 avec SKU: AR1804-06
[17-Sep-2024 16:41:26 UTC] Nouveau stock: 25
[17-Sep-2024 16:41:26 UTC] Nouveau prix: 1,20
[17-Sep-2024 16:41:26 UTC] Mise à jour des images pour la variation ID: 20438
[17-Sep-2024 16:41:27 UTC] Mise à jour de la variation ID: 21393 avec SKU: AR1804-06
[17-Sep-2024 16:41:27 UTC] Nouveau stock: 25
[17-Sep-2024 16:41:27 UTC] Nouveau prix: 1,20
[17-Sep-2024 16:41:27 UTC] Mise à jour des images pour la variation ID: 21393
[17-Sep-2024 16:41:27 UTC] Mise à jour de la variation ID: 22277 avec SKU: AR1804-06
[17-Sep-2024 16:41:27 UTC] Nouveau stock: 25
[17-Sep-2024 16:41:27 UTC] Nouveau prix: 1,20
[17-Sep-2024 16:41:27 UTC] Mise à jour des images pour la variation ID: 22277
[17-Sep-2024 16:41:27 UTC] Mise à jour de la variation ID: 23103 avec SKU: AR1804-06
[17-Sep-2024 16:41:27 UTC] Nouveau stock: 25
[17-Sep-2024 16:41:27 UTC] Nouveau prix: 1,20
[17-Sep-2024 16:41:27 UTC] Mise à jour des images pour la variation ID: 23103
[17-Sep-2024 16:41:28 UTC] Mise à jour de la variation ID: 23596 avec SKU: AR1804-06
[17-Sep-2024 16:41:28 UTC] Nouveau stock: 25
[17-Sep-2024 16:41:28 UTC] Nouveau prix: 1,20
[17-Sep-2024 16:41:28 UTC] Mise à jour des images pour la variation ID: 23596
[17-Sep-2024 16:41:28 UTC] Mise à jour de la variation ID: 24446 avec SKU: AR1804-06
[17-Sep-2024 16:41:28 UTC] Nouveau stock: 25
[17-Sep-2024 16:41:28 UTC] Nouveau prix: 1,20
[17-Sep-2024 16:41:28 UTC] Mise à jour des images pour la variation ID: 24446
[17-Sep-2024 16:41:29 UTC] Mise à jour de la variation ID: 25370 avec SKU: AR1804-06
[17-Sep-2024 16:41:29 UTC] Nouveau stock: 25
[17-Sep-2024 16:41:29 UTC] Nouveau prix: 1,20
[17-Sep-2024 16:41:29 UTC] Mise à jour des images pour la variation ID: 25370
[17-Sep-2024 16:41:29 UTC] Mise à jour de la variation ID: 27013 avec SKU: AR1804-06
[17-Sep-2024 16:41:29 UTC] Nouveau stock: 25
[17-Sep-2024 16:41:29 UTC] Nouveau prix: 1,20
[17-Sep-2024 16:41:29 UTC] Mise à jour des images pour la variation ID: 27013
[17-Sep-2024 16:41:29 UTC] Mise à jour de la variation ID: 27512 avec SKU: AR1804-06
[17-Sep-2024 16:41:29 UTC] Nouveau stock: 25
[17-Sep-2024 16:41:29 UTC] Nouveau prix: 1,20
[17-Sep-2024 16:41:29 UTC] Mise à jour des images pour la variation ID: 27512
[17-Sep-2024 16:41:30 UTC] Mise à jour de la variation ID: 28155 avec SKU: AR1804-06
[17-Sep-2024 16:41:30 UTC] Nouveau stock: 25
[17-Sep-2024 16:41:30 UTC] Nouveau prix: 1,20
[17-Sep-2024 16:41:30 UTC] Mise à jour des images pour la variation ID: 28155
[17-Sep-2024 16:41:30 UTC] Couleur attribuée: Turquoise
[17-Sep-2024 16:41:30 UTC] Taille attribuée: 
[17-Sep-2024 16:41:30 UTC] Term color trouvé: oui
[17-Sep-2024 16:41:30 UTC] Term size trouvé: non
[17-Sep-2024 16:41:30 UTC] SKU: AR1804-12
[17-Sep-2024 16:41:30 UTC] Mise à jour de la variation ID: Array
(
    [0] => 1509
    [1] => 16476
    [2] => 17593
    [3] => 18658
    [4] => 19613
    [5] => 20439
    [6] => 21394
    [7] => 22278
    [8] => 23104
    [9] => 23597
    [10] => 24447
    [11] => 25371
    [12] => 27014
    [13] => 27513
    [14] => 28160
)

[17-Sep-2024 16:41:30 UTC] Mise à jour de la variation ID: 1509 avec SKU: AR1804-12
[17-Sep-2024 16:41:30 UTC] Nouveau stock: 951
[17-Sep-2024 16:41:30 UTC] Nouveau prix: 1,20
[17-Sep-2024 16:41:30 UTC] Mise à jour des images pour la variation ID: 1509
[17-Sep-2024 16:41:31 UTC] Mise à jour de la variation ID: 16476 avec SKU: AR1804-12
[17-Sep-2024 16:41:31 UTC] Nouveau stock: 951
[17-Sep-2024 16:41:31 UTC] Nouveau prix: 1,20
[17-Sep-2024 16:41:31 UTC] Mise à jour des images pour la variation ID: 16476
[17-Sep-2024 16:41:31 UTC] Mise à jour de la variation ID: 17593 avec SKU: AR1804-12
[17-Sep-2024 16:41:31 UTC] Nouveau stock: 951
[17-Sep-2024 16:41:31 UTC] Nouveau prix: 1,20
[17-Sep-2024 16:41:31 UTC] Mise à jour des images pour la variation ID: 17593
[17-Sep-2024 16:41:31 UTC] Mise à jour de la variation ID: 18658 avec SKU: AR1804-12
[17-Sep-2024 16:41:31 UTC] Nouveau stock: 951
[17-Sep-2024 16:41:31 UTC] Nouveau prix: 1,20
[17-Sep-2024 16:41:31 UTC] Mise à jour des images pour la variation ID: 18658
[17-Sep-2024 16:41:32 UTC] Mise à jour de la variation ID: 19613 avec SKU: AR1804-12
[17-Sep-2024 16:41:32 UTC] Nouveau stock: 951
[17-Sep-2024 16:41:32 UTC] Nouveau prix: 1,20
[17-Sep-2024 16:41:32 UTC] Mise à jour des images pour la variation ID: 19613
[17-Sep-2024 16:41:32 UTC] Mise à jour de la variation ID: 20439 avec SKU: AR1804-12
[17-Sep-2024 16:41:32 UTC] Nouveau stock: 951
[17-Sep-2024 16:41:32 UTC] Nouveau prix: 1,20
[17-Sep-2024 16:41:32 UTC] Mise à jour des images pour la variation ID: 20439
[17-Sep-2024 16:41:33 UTC] Mise à jour de la variation ID: 21394 avec SKU: AR1804-12
[17-Sep-2024 16:41:33 UTC] Nouveau stock: 951
[17-Sep-2024 16:41:33 UTC] Nouveau prix: 1,20
[17-Sep-2024 16:41:33 UTC] Mise à jour des images pour la variation ID: 21394
[17-Sep-2024 16:41:33 UTC] Mise à jour de la variation ID: 22278 avec SKU: AR1804-12
[17-Sep-2024 16:41:33 UTC] Nouveau stock: 951
[17-Sep-2024 16:41:33 UTC] Nouveau prix: 1,20
[17-Sep-2024 16:41:33 UTC] Mise à jour des images pour la variation ID: 22278
[17-Sep-2024 16:41:34 UTC] Mise à jour de la variation ID: 23104 avec SKU: AR1804-12
[17-Sep-2024 16:41:34 UTC] Nouveau stock: 951
[17-Sep-2024 16:41:34 UTC] Nouveau prix: 1,20
[17-Sep-2024 16:41:34 UTC] Mise à jour des images pour la variation ID: 23104
[17-Sep-2024 16:41:34 UTC] Mise à jour de la variation ID: 23597 avec SKU: AR1804-12
[17-Sep-2024 16:41:34 UTC] Nouveau stock: 951
[17-Sep-2024 16:41:34 UTC] Nouveau prix: 1,20
[17-Sep-2024 16:41:34 UTC] Mise à jour des images pour la variation ID: 23597
[17-Sep-2024 16:41:34 UTC] Mise à jour de la variation ID: 24447 avec SKU: AR1804-12
[17-Sep-2024 16:41:34 UTC] Nouveau stock: 951
[17-Sep-2024 16:41:34 UTC] Nouveau prix: 1,20
[17-Sep-2024 16:41:34 UTC] Mise à jour des images pour la variation ID: 24447
[17-Sep-2024 16:41:35 UTC] Mise à jour de la variation ID: 25371 avec SKU: AR1804-12
[17-Sep-2024 16:41:35 UTC] Nouveau stock: 951
[17-Sep-2024 16:41:35 UTC] Nouveau prix: 1,20
[17-Sep-2024 16:41:35 UTC] Mise à jour des images pour la variation ID: 25371
[17-Sep-2024 16:41:35 UTC] Mise à jour de la variation ID: 27014 avec SKU: AR1804-12
[17-Sep-2024 16:41:35 UTC] Nouveau stock: 951
[17-Sep-2024 16:41:35 UTC] Nouveau prix: 1,20
[17-Sep-2024 16:41:35 UTC] Mise à jour des images pour la variation ID: 27014
[17-Sep-2024 16:41:35 UTC] Mise à jour de la variation ID: 27513 avec SKU: AR1804-12
[17-Sep-2024 16:41:35 UTC] Nouveau stock: 951
[17-Sep-2024 16:41:35 UTC] Nouveau prix: 1,20
[17-Sep-2024 16:41:35 UTC] Mise à jour des images pour la variation ID: 27513
[17-Sep-2024 16:41:36 UTC] Mise à jour de la variation ID: 28160 avec SKU: AR1804-12
[17-Sep-2024 16:41:36 UTC] Nouveau stock: 951
[17-Sep-2024 16:41:36 UTC] Nouveau prix: 1,20
[17-Sep-2024 16:41:36 UTC] Mise à jour des images pour la variation ID: 28160
[17-Sep-2024 16:41:36 UTC] Couleur attribuée: Bleu Royal
[17-Sep-2024 16:41:36 UTC] Taille attribuée: 
[17-Sep-2024 16:41:36 UTC] Term color trouvé: oui
[17-Sep-2024 16:41:36 UTC] Term size trouvé: non
[17-Sep-2024 16:41:36 UTC] SKU: AR1804-37
[17-Sep-2024 16:41:36 UTC] Mise à jour de la variation ID: Array
(
    [0] => 1517
    [1] => 16477
    [2] => 17594
    [3] => 18659
    [4] => 19614
    [5] => 20440
    [6] => 21395
    [7] => 22279
    [8] => 23105
    [9] => 23598
    [10] => 24448
    [11] => 25372
    [12] => 27015
    [13] => 27514
    [14] => 28163
)

[17-Sep-2024 16:41:36 UTC] Mise à jour de la variation ID: 1517 avec SKU: AR1804-37
[17-Sep-2024 16:41:36 UTC] Nouveau stock: 2160
[17-Sep-2024 16:41:36 UTC] Nouveau prix: 1,20
[17-Sep-2024 16:41:36 UTC] Mise à jour des images pour la variation ID: 1517
[17-Sep-2024 16:41:37 UTC] Mise à jour de la variation ID: 16477 avec SKU: AR1804-37
[17-Sep-2024 16:41:37 UTC] Nouveau stock: 2160
[17-Sep-2024 16:41:37 UTC] Nouveau prix: 1,20
[17-Sep-2024 16:41:37 UTC] Mise à jour des images pour la variation ID: 16477
[17-Sep-2024 16:41:37 UTC] Mise à jour de la variation ID: 17594 avec SKU: AR1804-37
[17-Sep-2024 16:41:37 UTC] Nouveau stock: 2160
[17-Sep-2024 16:41:37 UTC] Nouveau prix: 1,20
[17-Sep-2024 16:41:37 UTC] Mise à jour des images pour la variation ID: 17594
[17-Sep-2024 16:41:38 UTC] Mise à jour de la variation ID: 18659 avec SKU: AR1804-37
[17-Sep-2024 16:41:38 UTC] Nouveau stock: 2160
[17-Sep-2024 16:41:38 UTC] Nouveau prix: 1,20
[17-Sep-2024 16:41:38 UTC] Mise à jour des images pour la variation ID: 18659
[17-Sep-2024 16:41:38 UTC] Mise à jour de la variation ID: 19614 avec SKU: AR1804-37
[17-Sep-2024 16:41:38 UTC] Nouveau stock: 2160
[17-Sep-2024 16:41:38 UTC] Nouveau prix: 1,20
[17-Sep-2024 16:41:38 UTC] Mise à jour des images pour la variation ID: 19614
[17-Sep-2024 16:41:38 UTC] Mise à jour de la variation ID: 20440 avec SKU: AR1804-37
[17-Sep-2024 16:41:38 UTC] Nouveau stock: 2160
[17-Sep-2024 16:41:38 UTC] Nouveau prix: 1,20
[17-Sep-2024 16:41:38 UTC] Mise à jour des images pour la variation ID: 20440
[17-Sep-2024 16:41:39 UTC] Mise à jour de la variation ID: 21395 avec SKU: AR1804-37
[17-Sep-2024 16:41:39 UTC] Nouveau stock: 2160
[17-Sep-2024 16:41:39 UTC] Nouveau prix: 1,20
[17-Sep-2024 16:41:39 UTC] Mise à jour des images pour la variation ID: 21395
[17-Sep-2024 16:41:39 UTC] Mise à jour de la variation ID: 22279 avec SKU: AR1804-37
[17-Sep-2024 16:41:39 UTC] Nouveau stock: 2160
[17-Sep-2024 16:41:39 UTC] Nouveau prix: 1,20
[17-Sep-2024 16:41:39 UTC] Mise à jour des images pour la variation ID: 22279
[17-Sep-2024 16:41:40 UTC] Mise à jour de la variation ID: 23105 avec SKU: AR1804-37
[17-Sep-2024 16:41:40 UTC] Nouveau stock: 2160
[17-Sep-2024 16:41:40 UTC] Nouveau prix: 1,20
[17-Sep-2024 16:41:40 UTC] Mise à jour des images pour la variation ID: 23105
[17-Sep-2024 16:41:40 UTC] Mise à jour de la variation ID: 23598 avec SKU: AR1804-37
[17-Sep-2024 16:41:40 UTC] Nouveau stock: 2160
[17-Sep-2024 16:41:40 UTC] Nouveau prix: 1,20
[17-Sep-2024 16:41:40 UTC] Mise à jour des images pour la variation ID: 23598
[17-Sep-2024 16:41:40 UTC] Mise à jour de la variation ID: 24448 avec SKU: AR1804-37
[17-Sep-2024 16:41:40 UTC] Nouveau stock: 2160
[17-Sep-2024 16:41:40 UTC] Nouveau prix: 1,20
[17-Sep-2024 16:41:40 UTC] Mise à jour des images pour la variation ID: 24448
[17-Sep-2024 16:41:41 UTC] Mise à jour de la variation ID: 25372 avec SKU: AR1804-37
[17-Sep-2024 16:41:41 UTC] Nouveau stock: 2160
[17-Sep-2024 16:41:41 UTC] Nouveau prix: 1,20
[17-Sep-2024 16:41:41 UTC] Mise à jour des images pour la variation ID: 25372
[17-Sep-2024 16:41:41 UTC] Mise à jour de la variation ID: 27015 avec SKU: AR1804-37
[17-Sep-2024 16:41:41 UTC] Nouveau stock: 2160
[17-Sep-2024 16:41:41 UTC] Nouveau prix: 1,20
[17-Sep-2024 16:41:41 UTC] Mise à jour des images pour la variation ID: 27015
[17-Sep-2024 16:41:42 UTC] Mise à jour de la variation ID: 27514 avec SKU: AR1804-37
[17-Sep-2024 16:41:42 UTC] Nouveau stock: 2160
[17-Sep-2024 16:41:42 UTC] Nouveau prix: 1,20
[17-Sep-2024 16:41:42 UTC] Mise à jour des images pour la variation ID: 27514
[17-Sep-2024 16:41:42 UTC] Mise à jour de la variation ID: 28163 avec SKU: AR1804-37
[17-Sep-2024 16:41:42 UTC] Nouveau stock: 2160
[17-Sep-2024 16:41:42 UTC] Nouveau prix: 1,20
[17-Sep-2024 16:41:42 UTC] Mise à jour des images pour la variation ID: 28163
[17-Sep-2024 16:41:42 UTC] Couleur attribuée: Argent Mat
[17-Sep-2024 16:41:42 UTC] Taille attribuée: 
[17-Sep-2024 16:41:42 UTC] Term color trouvé: oui
[17-Sep-2024 16:41:42 UTC] Term size trouvé: non
[17-Sep-2024 16:41:42 UTC] SKU: AR1810-16
[17-Sep-2024 16:41:42 UTC] Mise à jour de la variation ID: Array
(
    [0] => 1522
    [1] => 16478
    [2] => 17595
    [3] => 18660
    [4] => 19615
    [5] => 20441
    [6] => 21396
    [7] => 22280
    [8] => 23106
    [9] => 23599
    [10] => 24449
    [11] => 25373
    [12] => 27016
    [13] => 27515
    [14] => 28166
)

[17-Sep-2024 16:41:42 UTC] Mise à jour de la variation ID: 1522 avec SKU: AR1810-16
[17-Sep-2024 16:41:42 UTC] Nouveau stock: 34
[17-Sep-2024 16:41:42 UTC] Nouveau prix: 7,66
[17-Sep-2024 16:41:42 UTC] Mise à jour des images pour la variation ID: 1522
[17-Sep-2024 16:41:44 UTC] Mise à jour de la variation ID: 16478 avec SKU: AR1810-16
[17-Sep-2024 16:41:44 UTC] Nouveau stock: 34
[17-Sep-2024 16:41:44 UTC] Nouveau prix: 7,66
[17-Sep-2024 16:41:44 UTC] Mise à jour des images pour la variation ID: 16478
[17-Sep-2024 16:41:46 UTC] Mise à jour de la variation ID: 17595 avec SKU: AR1810-16
[17-Sep-2024 16:41:46 UTC] Nouveau stock: 34
[17-Sep-2024 16:41:46 UTC] Nouveau prix: 7,66
[17-Sep-2024 16:41:46 UTC] Mise à jour des images pour la variation ID: 17595
[17-Sep-2024 16:41:48 UTC] Mise à jour de la variation ID: 18660 avec SKU: AR1810-16
[17-Sep-2024 16:41:48 UTC] Nouveau stock: 34
[17-Sep-2024 16:41:48 UTC] Nouveau prix: 7,66
[17-Sep-2024 16:41:48 UTC] Mise à jour des images pour la variation ID: 18660
[17-Sep-2024 16:41:50 UTC] Mise à jour de la variation ID: 19615 avec SKU: AR1810-16
[17-Sep-2024 16:41:50 UTC] Nouveau stock: 34
[17-Sep-2024 16:41:50 UTC] Nouveau prix: 7,66
[17-Sep-2024 16:41:50 UTC] Mise à jour des images pour la variation ID: 19615
[17-Sep-2024 16:41:52 UTC] Mise à jour de la variation ID: 20441 avec SKU: AR1810-16
[17-Sep-2024 16:41:52 UTC] Nouveau stock: 34
[17-Sep-2024 16:41:52 UTC] Nouveau prix: 7,66
[17-Sep-2024 16:41:52 UTC] Mise à jour des images pour la variation ID: 20441
[17-Sep-2024 16:41:54 UTC] Mise à jour de la variation ID: 21396 avec SKU: AR1810-16
[17-Sep-2024 16:41:54 UTC] Nouveau stock: 34
[17-Sep-2024 16:41:54 UTC] Nouveau prix: 7,66
[17-Sep-2024 16:41:54 UTC] Mise à jour des images pour la variation ID: 21396
[17-Sep-2024 16:41:56 UTC] Mise à jour de la variation ID: 22280 avec SKU: AR1810-16
[17-Sep-2024 16:41:56 UTC] Nouveau stock: 34
[17-Sep-2024 16:41:56 UTC] Nouveau prix: 7,66
[17-Sep-2024 16:41:56 UTC] Mise à jour des images pour la variation ID: 22280
[17-Sep-2024 16:41:58 UTC] Mise à jour de la variation ID: 23106 avec SKU: AR1810-16
[17-Sep-2024 16:41:58 UTC] Nouveau stock: 34
[17-Sep-2024 16:41:58 UTC] Nouveau prix: 7,66
[17-Sep-2024 16:41:58 UTC] Mise à jour des images pour la variation ID: 23106
[17-Sep-2024 16:42:00 UTC] Mise à jour de la variation ID: 23599 avec SKU: AR1810-16
[17-Sep-2024 16:42:00 UTC] Nouveau stock: 34
[17-Sep-2024 16:42:00 UTC] Nouveau prix: 7,66
[17-Sep-2024 16:42:00 UTC] Mise à jour des images pour la variation ID: 23599
[17-Sep-2024 16:42:02 UTC] Mise à jour de la variation ID: 24449 avec SKU: AR1810-16
[17-Sep-2024 16:42:02 UTC] Nouveau stock: 34
[17-Sep-2024 16:42:02 UTC] Nouveau prix: 7,66
[17-Sep-2024 16:42:02 UTC] Mise à jour des images pour la variation ID: 24449
[17-Sep-2024 16:42:04 UTC] Mise à jour de la variation ID: 25373 avec SKU: AR1810-16
[17-Sep-2024 16:42:04 UTC] Nouveau stock: 34
[17-Sep-2024 16:42:04 UTC] Nouveau prix: 7,66
[17-Sep-2024 16:42:04 UTC] Mise à jour des images pour la variation ID: 25373
[17-Sep-2024 16:42:05 UTC] Mise à jour de la variation ID: 27016 avec SKU: AR1810-16
[17-Sep-2024 16:42:05 UTC] Nouveau stock: 34
[17-Sep-2024 16:42:05 UTC] Nouveau prix: 7,66
[17-Sep-2024 16:42:05 UTC] Mise à jour des images pour la variation ID: 27016
[17-Sep-2024 16:42:07 UTC] Mise à jour de la variation ID: 27515 avec SKU: AR1810-16
[17-Sep-2024 16:42:07 UTC] Nouveau stock: 34
[17-Sep-2024 16:42:07 UTC] Nouveau prix: 7,66
[17-Sep-2024 16:42:07 UTC] Mise à jour des images pour la variation ID: 27515
[17-Sep-2024 16:42:09 UTC] Mise à jour de la variation ID: 28166 avec SKU: AR1810-16
[17-Sep-2024 16:42:09 UTC] Nouveau stock: 34
[17-Sep-2024 16:42:09 UTC] Nouveau prix: 7,66
[17-Sep-2024 16:42:09 UTC] Mise à jour des images pour la variation ID: 28166
[17-Sep-2024 16:42:11 UTC] Couleur attribuée: Rouge
[17-Sep-2024 16:42:11 UTC] Taille attribuée: 
[17-Sep-2024 16:42:11 UTC] Term color trouvé: oui
[17-Sep-2024 16:42:11 UTC] Term size trouvé: non
[17-Sep-2024 16:42:11 UTC] SKU: CX1013-05
[17-Sep-2024 16:42:11 UTC] Mise à jour de la variation ID: Array
(
    [0] => 1527
    [1] => 16479
    [2] => 17596
    [3] => 18661
    [4] => 19616
    [5] => 20442
    [6] => 21397
    [7] => 22281
    [8] => 23107
    [9] => 23600
    [10] => 24450
    [11] => 25374
    [12] => 27017
    [13] => 27517
    [14] => 28169
)

[17-Sep-2024 16:42:11 UTC] Mise à jour de la variation ID: 1527 avec SKU: CX1013-05
[17-Sep-2024 16:42:11 UTC] Nouveau stock: 4736
[17-Sep-2024 16:42:11 UTC] Nouveau prix: 0,35
[17-Sep-2024 16:42:11 UTC] Mise à jour des images pour la variation ID: 1527
[17-Sep-2024 16:42:13 UTC] Mise à jour de la variation ID: 16479 avec SKU: CX1013-05
[17-Sep-2024 16:42:13 UTC] Nouveau stock: 4736
[17-Sep-2024 16:42:13 UTC] Nouveau prix: 0,35
[17-Sep-2024 16:42:13 UTC] Mise à jour des images pour la variation ID: 16479
[17-Sep-2024 16:42:14 UTC] Mise à jour de la variation ID: 17596 avec SKU: CX1013-05
[17-Sep-2024 16:42:14 UTC] Nouveau stock: 4736
[17-Sep-2024 16:42:14 UTC] Nouveau prix: 0,35
[17-Sep-2024 16:42:14 UTC] Mise à jour des images pour la variation ID: 17596
[17-Sep-2024 16:42:16 UTC] Mise à jour de la variation ID: 18661 avec SKU: CX1013-05
[17-Sep-2024 16:42:16 UTC] Nouveau stock: 4736
[17-Sep-2024 16:42:16 UTC] Nouveau prix: 0,35
[17-Sep-2024 16:42:16 UTC] Mise à jour des images pour la variation ID: 18661
[17-Sep-2024 16:42:17 UTC] Mise à jour de la variation ID: 19616 avec SKU: CX1013-05
[17-Sep-2024 16:42:17 UTC] Nouveau stock: 4736
[17-Sep-2024 16:42:17 UTC] Nouveau prix: 0,35
[17-Sep-2024 16:42:17 UTC] Mise à jour des images pour la variation ID: 19616
[17-Sep-2024 16:42:19 UTC] Mise à jour de la variation ID: 20442 avec SKU: CX1013-05
[17-Sep-2024 16:42:19 UTC] Nouveau stock: 4736
[17-Sep-2024 16:42:19 UTC] Nouveau prix: 0,35
[17-Sep-2024 16:42:19 UTC] Mise à jour des images pour la variation ID: 20442
[17-Sep-2024 16:42:20 UTC] Mise à jour de la variation ID: 21397 avec SKU: CX1013-05
[17-Sep-2024 16:42:20 UTC] Nouveau stock: 4736
[17-Sep-2024 16:42:20 UTC] Nouveau prix: 0,35
[17-Sep-2024 16:42:20 UTC] Mise à jour des images pour la variation ID: 21397
[17-Sep-2024 16:42:22 UTC] Mise à jour de la variation ID: 22281 avec SKU: CX1013-05
[17-Sep-2024 16:42:22 UTC] Nouveau stock: 4736
[17-Sep-2024 16:42:22 UTC] Nouveau prix: 0,35
[17-Sep-2024 16:42:22 UTC] Mise à jour des images pour la variation ID: 22281
[17-Sep-2024 16:42:24 UTC] Mise à jour de la variation ID: 23107 avec SKU: CX1013-05
[17-Sep-2024 16:42:24 UTC] Nouveau stock: 4736
[17-Sep-2024 16:42:24 UTC] Nouveau prix: 0,35
[17-Sep-2024 16:42:24 UTC] Mise à jour des images pour la variation ID: 23107
[17-Sep-2024 16:42:25 UTC] Mise à jour de la variation ID: 23600 avec SKU: CX1013-05
[17-Sep-2024 16:42:25 UTC] Nouveau stock: 4736
[17-Sep-2024 16:42:25 UTC] Nouveau prix: 0,35
[17-Sep-2024 16:42:25 UTC] Mise à jour des images pour la variation ID: 23600
[17-Sep-2024 16:42:27 UTC] Mise à jour de la variation ID: 24450 avec SKU: CX1013-05
[17-Sep-2024 16:42:27 UTC] Nouveau stock: 4736
[17-Sep-2024 16:42:27 UTC] Nouveau prix: 0,35
[17-Sep-2024 16:42:27 UTC] Mise à jour des images pour la variation ID: 24450
[17-Sep-2024 16:42:28 UTC] Mise à jour de la variation ID: 25374 avec SKU: CX1013-05
[17-Sep-2024 16:42:28 UTC] Nouveau stock: 4736
[17-Sep-2024 16:42:28 UTC] Nouveau prix: 0,35
[17-Sep-2024 16:42:28 UTC] Mise à jour des images pour la variation ID: 25374
[17-Sep-2024 16:42:30 UTC] Mise à jour de la variation ID: 27017 avec SKU: CX1013-05
[17-Sep-2024 16:42:30 UTC] Nouveau stock: 4736
[17-Sep-2024 16:42:30 UTC] Nouveau prix: 0,35
[17-Sep-2024 16:42:30 UTC] Mise à jour des images pour la variation ID: 27017
[17-Sep-2024 16:42:31 UTC] Mise à jour de la variation ID: 27517 avec SKU: CX1013-05
[17-Sep-2024 16:42:31 UTC] Nouveau stock: 4736
[17-Sep-2024 16:42:31 UTC] Nouveau prix: 0,35
[17-Sep-2024 16:42:31 UTC] Mise à jour des images pour la variation ID: 27517
[17-Sep-2024 16:42:33 UTC] Mise à jour de la variation ID: 28169 avec SKU: CX1013-05
[17-Sep-2024 16:42:33 UTC] Nouveau stock: 4736
[17-Sep-2024 16:42:33 UTC] Nouveau prix: 0,35
[17-Sep-2024 16:42:33 UTC] Mise à jour des images pour la variation ID: 28169
[17-Sep-2024 16:42:33 UTC] Couleur attribuée: Argent Mat
[17-Sep-2024 16:42:33 UTC] Taille attribuée: 
[17-Sep-2024 16:42:33 UTC] Term color trouvé: oui
[17-Sep-2024 16:42:33 UTC] Term size trouvé: non
[17-Sep-2024 16:42:33 UTC] SKU: AR1249-16
[17-Sep-2024 16:42:33 UTC] PHP Warning:  Array to string conversion in /home/fmiq6457/goodies-sur-mesure/wp-content/plugins/fand-woocommerce-api-importer/Classes/Variations.php on line 31
[17-Sep-2024 16:42:33 UTC] Variations trouvées:Array
[17-Sep-2024 16:42:33 UTC] Mise à jour de la variation ID: Array
(
    [0] => 1452
    [1] => 16466
    [2] => 17583
    [3] => 18648
    [4] => 19603
    [5] => 20429
    [6] => 21384
    [7] => 22268
    [8] => 23094
    [9] => 23587
    [10] => 24437
    [11] => 25361
    [12] => 27004
    [13] => 27503
    [14] => 28132
)

[17-Sep-2024 16:42:33 UTC] Mise à jour de la variation ID: 1452 avec SKU: AR1249-16
[17-Sep-2024 16:42:33 UTC] Nouveau stock: 2190
[17-Sep-2024 16:42:33 UTC] Nouveau prix: 3,85
[17-Sep-2024 16:42:33 UTC] Mise à jour des images pour la variation ID: 1452
[17-Sep-2024 16:42:34 UTC] Couleur attribuée: Rouge
[17-Sep-2024 16:42:34 UTC] Taille attribuée: 
[17-Sep-2024 16:42:34 UTC] Term color trouvé: oui
[17-Sep-2024 16:42:34 UTC] Term size trouvé: non
[17-Sep-2024 16:42:34 UTC] SKU: CX1015-05
[17-Sep-2024 16:42:35 UTC] Mise à jour de la variation ID: Array
(
    [0] => 1533
    [1] => 16480
    [2] => 17597
    [3] => 18662
    [4] => 19617
    [5] => 20443
    [6] => 21398
    [7] => 22282
    [8] => 23108
    [9] => 23601
    [10] => 24451
    [11] => 25375
    [12] => 27018
    [13] => 27518
    [14] => 28173
)

[17-Sep-2024 16:42:35 UTC] Mise à jour de la variation ID: 1533 avec SKU: CX1015-05
[17-Sep-2024 16:42:35 UTC] Nouveau stock: 97326
[17-Sep-2024 16:42:35 UTC] Nouveau prix: 0,25
[17-Sep-2024 16:42:35 UTC] Mise à jour des images pour la variation ID: 1533
[17-Sep-2024 16:42:36 UTC] Mise à jour de la variation ID: 16466 avec SKU: AR1249-16
[17-Sep-2024 16:42:36 UTC] Nouveau stock: 2190
[17-Sep-2024 16:42:36 UTC] Nouveau prix: 3,85
[17-Sep-2024 16:42:36 UTC] Mise à jour des images pour la variation ID: 16466
[17-Sep-2024 16:42:36 UTC] Mise à jour de la variation ID: 16480 avec SKU: CX1015-05
[17-Sep-2024 16:42:36 UTC] Nouveau stock: 97326
[17-Sep-2024 16:42:36 UTC] Nouveau prix: 0,25
[17-Sep-2024 16:42:36 UTC] Mise à jour des images pour la variation ID: 16480
[17-Sep-2024 16:42:37 UTC] Erreur lors de l'exécution de la tâche cron : cURL error 28: Operation timed out after 15005 milliseconds with 0 bytes received
[17-Sep-2024 16:42:38 UTC] Mise à jour de la variation ID: 17597 avec SKU: CX1015-05
[17-Sep-2024 16:42:38 UTC] Nouveau stock: 97326
[17-Sep-2024 16:42:38 UTC] Nouveau prix: 0,25
[17-Sep-2024 16:42:38 UTC] Mise à jour des images pour la variation ID: 17597
[17-Sep-2024 16:42:38 UTC] Mise à jour de la variation ID: 17583 avec SKU: AR1249-16
[17-Sep-2024 16:42:38 UTC] Nouveau stock: 2190
[17-Sep-2024 16:42:38 UTC] Nouveau prix: 3,85
[17-Sep-2024 16:42:38 UTC] Mise à jour des images pour la variation ID: 17583
[17-Sep-2024 16:42:39 UTC] Mise à jour de la variation ID: 18662 avec SKU: CX1015-05
[17-Sep-2024 16:42:39 UTC] Nouveau stock: 97326
[17-Sep-2024 16:42:39 UTC] Nouveau prix: 0,25
[17-Sep-2024 16:42:39 UTC] Mise à jour des images pour la variation ID: 18662
[17-Sep-2024 16:42:41 UTC] Mise à jour de la variation ID: 18648 avec SKU: AR1249-16
[17-Sep-2024 16:42:41 UTC] Nouveau stock: 2190
[17-Sep-2024 16:42:41 UTC] Nouveau prix: 3,85
[17-Sep-2024 16:42:41 UTC] Mise à jour des images pour la variation ID: 18648
[17-Sep-2024 16:42:41 UTC] Mise à jour de la variation ID: 19617 avec SKU: CX1015-05
[17-Sep-2024 16:42:41 UTC] Nouveau stock: 97326
[17-Sep-2024 16:42:41 UTC] Nouveau prix: 0,25
[17-Sep-2024 16:42:41 UTC] Mise à jour des images pour la variation ID: 19617
[17-Sep-2024 16:42:42 UTC] Mise à jour de la variation ID: 20443 avec SKU: CX1015-05
[17-Sep-2024 16:42:42 UTC] Nouveau stock: 97326
[17-Sep-2024 16:42:42 UTC] Nouveau prix: 0,25
[17-Sep-2024 16:42:42 UTC] Mise à jour des images pour la variation ID: 20443
[17-Sep-2024 16:42:43 UTC] Mise à jour de la variation ID: 19603 avec SKU: AR1249-16
[17-Sep-2024 16:42:43 UTC] Nouveau stock: 2190
[17-Sep-2024 16:42:43 UTC] Nouveau prix: 3,85
[17-Sep-2024 16:42:43 UTC] Mise à jour des images pour la variation ID: 19603
[17-Sep-2024 16:42:44 UTC] Mise à jour de la variation ID: 21398 avec SKU: CX1015-05
[17-Sep-2024 16:42:44 UTC] Nouveau stock: 97326
[17-Sep-2024 16:42:44 UTC] Nouveau prix: 0,25
[17-Sep-2024 16:42:44 UTC] Mise à jour des images pour la variation ID: 21398
[17-Sep-2024 16:42:45 UTC] Mise à jour de la variation ID: 20429 avec SKU: AR1249-16
[17-Sep-2024 16:42:45 UTC] Nouveau stock: 2190
[17-Sep-2024 16:42:45 UTC] Nouveau prix: 3,85
[17-Sep-2024 16:42:45 UTC] Mise à jour de la variation ID: 22282 avec SKU: CX1015-05
[17-Sep-2024 16:42:45 UTC] Nouveau stock: 97326
[17-Sep-2024 16:42:45 UTC] Nouveau prix: 0,25
[17-Sep-2024 16:42:45 UTC] Mise à jour des images pour la variation ID: 20429
[17-Sep-2024 16:42:45 UTC] Mise à jour des images pour la variation ID: 22282
[17-Sep-2024 16:42:47 UTC] Mise à jour de la variation ID: 23108 avec SKU: CX1015-05
[17-Sep-2024 16:42:48 UTC] Mise à jour de la variation ID: 21384 avec SKU: AR1249-16
[17-Sep-2024 16:42:48 UTC] Nouveau stock: 97326
[17-Sep-2024 16:42:48 UTC] Nouveau stock: 2190
[17-Sep-2024 16:42:48 UTC] Nouveau prix: 0,25
[17-Sep-2024 16:42:48 UTC] Nouveau prix: 3,85
[17-Sep-2024 16:42:48 UTC] Mise à jour des images pour la variation ID: 21384
[17-Sep-2024 16:42:48 UTC] Mise à jour des images pour la variation ID: 23108
[17-Sep-2024 16:42:50 UTC] Mise à jour de la variation ID: 23601 avec SKU: CX1015-05
[17-Sep-2024 16:42:50 UTC] Nouveau stock: 97326
[17-Sep-2024 16:42:50 UTC] Nouveau prix: 0,25
[17-Sep-2024 16:42:50 UTC] Mise à jour des images pour la variation ID: 23601
[17-Sep-2024 16:42:51 UTC] Mise à jour de la variation ID: 22268 avec SKU: AR1249-16
[17-Sep-2024 16:42:51 UTC] Nouveau stock: 2190
[17-Sep-2024 16:42:51 UTC] Nouveau prix: 3,85
[17-Sep-2024 16:42:51 UTC] Mise à jour des images pour la variation ID: 22268
[17-Sep-2024 16:42:52 UTC] Mise à jour de la variation ID: 24451 avec SKU: CX1015-05
[17-Sep-2024 16:42:52 UTC] Nouveau stock: 97326
[17-Sep-2024 16:42:52 UTC] Nouveau prix: 0,25
[17-Sep-2024 16:42:52 UTC] Mise à jour des images pour la variation ID: 24451
[17-Sep-2024 16:42:53 UTC] Mise à jour de la variation ID: 25375 avec SKU: CX1015-05
[17-Sep-2024 16:42:53 UTC] Nouveau stock: 97326
[17-Sep-2024 16:42:53 UTC] Nouveau prix: 0,25
[17-Sep-2024 16:42:53 UTC] Mise à jour des images pour la variation ID: 25375
[17-Sep-2024 16:42:53 UTC] Mise à jour de la variation ID: 23094 avec SKU: AR1249-16
[17-Sep-2024 16:42:53 UTC] Nouveau stock: 2190
[17-Sep-2024 16:42:53 UTC] Nouveau prix: 3,85
[17-Sep-2024 16:42:53 UTC] Mise à jour des images pour la variation ID: 23094
[17-Sep-2024 16:42:55 UTC] Mise à jour de la variation ID: 27018 avec SKU: CX1015-05
[17-Sep-2024 16:42:55 UTC] Nouveau stock: 97326
[17-Sep-2024 16:42:55 UTC] Nouveau prix: 0,25
[17-Sep-2024 16:42:55 UTC] Mise à jour des images pour la variation ID: 27018
[17-Sep-2024 16:42:56 UTC] Mise à jour de la variation ID: 23587 avec SKU: AR1249-16
[17-Sep-2024 16:42:56 UTC] Nouveau stock: 2190
[17-Sep-2024 16:42:56 UTC] Nouveau prix: 3,85
[17-Sep-2024 16:42:56 UTC] Mise à jour des images pour la variation ID: 23587
[17-Sep-2024 16:42:56 UTC] Mise à jour de la variation ID: 27518 avec SKU: CX1015-05
[17-Sep-2024 16:42:56 UTC] Nouveau stock: 97326
[17-Sep-2024 16:42:56 UTC] Nouveau prix: 0,25
[17-Sep-2024 16:42:56 UTC] Mise à jour des images pour la variation ID: 27518
[17-Sep-2024 16:42:58 UTC] Mise à jour de la variation ID: 28173 avec SKU: CX1015-05
[17-Sep-2024 16:42:58 UTC] Nouveau stock: 97326
[17-Sep-2024 16:42:58 UTC] Nouveau prix: 0,25
[17-Sep-2024 16:42:58 UTC] Mise à jour des images pour la variation ID: 28173
[17-Sep-2024 16:42:58 UTC] Mise à jour de la variation ID: 24437 avec SKU: AR1249-16
[17-Sep-2024 16:42:58 UTC] Nouveau stock: 2190
[17-Sep-2024 16:42:58 UTC] Nouveau prix: 3,85
[17-Sep-2024 16:42:58 UTC] Mise à jour des images pour la variation ID: 24437
[17-Sep-2024 16:42:59 UTC] Couleur attribuée: Vert
[17-Sep-2024 16:42:59 UTC] Taille attribuée: 
[17-Sep-2024 16:42:59 UTC] Term color trouvé: oui
[17-Sep-2024 16:42:59 UTC] Term size trouvé: non
[17-Sep-2024 16:42:59 UTC] SKU: CX1278-09
[17-Sep-2024 16:42:59 UTC] Mise à jour de la variation ID: Array
(
    [0] => 1540
    [1] => 16481
    [2] => 17598
    [3] => 18663
    [4] => 19618
    [5] => 20444
    [6] => 21399
    [7] => 22283
    [8] => 23109
    [9] => 23602
    [10] => 24452
    [11] => 25376
    [12] => 27019
    [13] => 27519
    [14] => 28177
)

[17-Sep-2024 16:42:59 UTC] Mise à jour de la variation ID: 1540 avec SKU: CX1278-09
[17-Sep-2024 16:42:59 UTC] Nouveau stock: 8573
[17-Sep-2024 16:42:59 UTC] Nouveau prix: 2,60
[17-Sep-2024 16:42:59 UTC] Mise à jour des images pour la variation ID: 1540
[17-Sep-2024 16:43:00 UTC] Mise à jour de la variation ID: 25361 avec SKU: AR1249-16
[17-Sep-2024 16:43:00 UTC] Nouveau stock: 2190
[17-Sep-2024 16:43:00 UTC] Nouveau prix: 3,85
[17-Sep-2024 16:43:00 UTC] Mise à jour des images pour la variation ID: 25361
[17-Sep-2024 16:43:01 UTC] Mise à jour de la variation ID: 16481 avec SKU: CX1278-09
[17-Sep-2024 16:43:01 UTC] Nouveau stock: 8573
[17-Sep-2024 16:43:01 UTC] Nouveau prix: 2,60
[17-Sep-2024 16:43:01 UTC] Mise à jour des images pour la variation ID: 16481
[17-Sep-2024 16:43:03 UTC] Mise à jour de la variation ID: 27004 avec SKU: AR1249-16
[17-Sep-2024 16:43:03 UTC] Nouveau stock: 2190
[17-Sep-2024 16:43:03 UTC] Nouveau prix: 3,85
[17-Sep-2024 16:43:03 UTC] Mise à jour des images pour la variation ID: 27004
[17-Sep-2024 16:43:03 UTC] Mise à jour de la variation ID: 17598 avec SKU: CX1278-09
[17-Sep-2024 16:43:03 UTC] Nouveau stock: 8573
[17-Sep-2024 16:43:03 UTC] Nouveau prix: 2,60
[17-Sep-2024 16:43:03 UTC] Mise à jour des images pour la variation ID: 17598
[17-Sep-2024 16:43:05 UTC] Mise à jour de la variation ID: 27503 avec SKU: AR1249-16
[17-Sep-2024 16:43:05 UTC] Nouveau stock: 2190
[17-Sep-2024 16:43:05 UTC] Nouveau prix: 3,85
[17-Sep-2024 16:43:05 UTC] Mise à jour des images pour la variation ID: 27503
[17-Sep-2024 16:43:05 UTC] Mise à jour de la variation ID: 18663 avec SKU: CX1278-09
[17-Sep-2024 16:43:05 UTC] Nouveau stock: 8573
[17-Sep-2024 16:43:05 UTC] Nouveau prix: 2,60
[17-Sep-2024 16:43:05 UTC] Mise à jour des images pour la variation ID: 18663
[17-Sep-2024 16:43:07 UTC] Mise à jour de la variation ID: 19618 avec SKU: CX1278-09
[17-Sep-2024 16:43:07 UTC] Nouveau stock: 8573
[17-Sep-2024 16:43:07 UTC] Nouveau prix: 2,60
[17-Sep-2024 16:43:07 UTC] Mise à jour des images pour la variation ID: 19618
[17-Sep-2024 16:43:08 UTC] Mise à jour de la variation ID: 28132 avec SKU: AR1249-16
[17-Sep-2024 16:43:08 UTC] Nouveau stock: 2190
[17-Sep-2024 16:43:08 UTC] Nouveau prix: 3,85
[17-Sep-2024 16:43:08 UTC] Mise à jour des images pour la variation ID: 28132
